../Core/Inc/bno055_stm32.h:20:6:bno055_assignI2C	16	static
../Core/Inc/bno055_stm32.h:24:6:bno055_delay	16	static
../Core/Inc/bno055_stm32.h:32:6:bno055_writeData	40	static
../Core/Inc/bno055_stm32.h:96:6:bno055_readData	24	static
../Core/Src/main.c:36:6:HAL_UART_RxCpltCallback	16	static
../Core/Src/main.c:78:5:_write	24	static
../Core/Src/main.c:89:5:main	64	static
../Core/Src/main.c:153:6:SystemClock_Config	72	static
../Core/Src/main.c:192:13:MX_I2C1_Init	8	static
../Core/Src/main.c:226:13:MX_USART1_UART_Init	8	static
../Core/Src/main.c:259:13:MX_USART2_UART_Init	8	static
../Core/Src/main.c:290:13:MX_DMA_Init	16	static
../Core/Src/main.c:308:13:MX_GPIO_Init	40	static
../Core/Src/main.c:362:6:Error_Handler	4	static,ignoring_inline_asm
